2026-03-12 08:06:22,334 - INFO - Screenshot taken for failed test: test_valid_login
2026-03-12 08:06:35,082 - INFO - Screenshot taken for failed test: test_invalid_login
2026-03-12 08:06:47,143 - INFO - Screenshot taken for failed test: test_empty_login
2026-03-12 08:06:58,700 - INFO - Screenshot taken for failed test: test_empty_username
2026-03-12 08:07:09,403 - INFO - Screenshot taken for failed test: test_empty_password
2026-03-12 08:07:21,003 - INFO - Screenshot taken for failed test: test_empty_username_password
2026-03-12 08:12:03,454 - INFO - Screenshot taken for failed test: test_invalid_login
2026-03-12 08:12:15,593 - INFO - Screenshot taken for failed test: test_empty_login
2026-03-12 08:12:27,092 - INFO - Screenshot taken for failed test: test_empty_username
2026-03-12 08:12:38,497 - INFO - Screenshot taken for failed test: test_empty_password
2026-03-12 08:12:50,011 - INFO - Screenshot taken for failed test: test_empty_username_password
2026-03-12 08:38:50,812 - INFO - Screenshot taken for failed test: test_valid_login
2026-03-12 08:39:03,386 - INFO - Screenshot taken for failed test: test_invalid_login
2026-03-12 08:39:13,492 - INFO - Screenshot taken for failed test: test_empty_login
2026-03-12 08:39:30,546 - INFO - Screenshot taken for failed test: test_empty_username
2026-03-12 08:39:43,646 - INFO - Screenshot taken for failed test: test_empty_password
2026-03-12 08:39:56,279 - INFO - Screenshot taken for failed test: test_empty_username_password
2026-03-12 19:46:13,828 - INFO - Screenshot taken for failed test: test_add_education
2026-03-12 22:45:30,442 - INFO - Screenshot taken for failed test: test_add_skill
2026-03-12 22:47:26,443 - INFO - Screenshot taken for failed test: test_add_skill
2026-03-12 22:48:24,022 - INFO - Screenshot taken for failed test: test_add_skill
2026-03-12 22:53:01,533 - INFO - Screenshot taken for failed test: test_add_skill
2026-03-16 07:21:39,949 - INFO - Screenshot taken for failed test: test_add_skill
2026-03-16 07:21:41,341 - INFO - Screenshot taken for failed test: test_empty_username_password
2026-03-16 07:21:51,381 - INFO - Screenshot taken for failed test: test_empty_password
2026-03-16 07:22:31,489 - INFO - Screenshot taken for failed test: test_add_system_user
2026-03-16 07:36:56,095 - INFO - Screenshot taken for failed test: test_empty_password
2026-03-16 07:37:04,241 - INFO - Screenshot taken for failed test: test_empty_username_password
